// Jest Snapshot v1, https://goo.gl/fbAQLP

exports[`gallery helpers processDocs should return docs 1`] = `
Array [
  Object {
    "_id": "5b05346ad7a86407e5ef783d",
    "pKey": "2",
    "rowParams": Object {
      "Image URL": "http://cdn.bulbagarden.net/upload/thumb/2/21/001Bulbasaur.png/250px-001Bulbasaur.png",
      "Max CP": 1079,
      "Max HP": 83,
      "Name": "Bulbasaur",
      "Pokemon No_": "1",
      "Type 1": "Grass",
      "Type 2": "Poison",
    },
    "srcDocPKey": "5a42c26e303770207ce8f83b",
  },
  Object {
    "_id": "5b05346ad7a86407e5ef783e",
    "pKey": "4",
    "rowParams": Object {
      "Image URL": "http://cdn.bulbagarden.net/upload/thumb/7/73/002Ivysaur.png/250px-002Ivysaur.png",
      "Max CP": 1643,
      "Max HP": 107,
      "Name": "Ivysaur",
      "Pokemon No_": "2",
      "Type 1": "Grass",
      "Type 2": "Poison",
    },
    "srcDocPKey": "5a42c26e303770207ce8f83b",
  },
  Object {
    "_id": "5b05346ad7a86407e5ef783f",
    "pKey": "6",
    "rowParams": Object {
      "Image URL": "http://cdn.bulbagarden.net/upload/thumb/a/ae/003Venusaur.png/250px-003Venusaur.png",
      "Max CP": 2598,
      "Max HP": 138,
      "Name": "Venusaur",
      "Pokemon No_": "3",
      "Type 1": "Grass",
      "Type 2": "Poison",
    },
    "srcDocPKey": "5a42c26e303770207ce8f83b",
  },
  Object {
    "_id": "5b05346ad7a86407e5ef7840",
    "pKey": "8",
    "rowParams": Object {
      "Image URL": "http://cdn.bulbagarden.net/upload/thumb/7/73/004Charmander.png/250px-004Charmander.png",
      "Max CP": 962,
      "Max HP": 73,
      "Name": "Charmander",
      "Pokemon No_": "4",
      "Type 1": "Fire",
      "Type 2": "None",
    },
    "srcDocPKey": "5a42c26e303770207ce8f83b",
  },
  Object {
    "_id": "5b05346ad7a86407e5ef7841",
    "pKey": "10",
    "rowParams": Object {
      "Image URL": "http://cdn.bulbagarden.net/upload/thumb/4/4a/005Charmeleon.png/250px-005Charmeleon.png",
      "Max CP": 1568,
      "Max HP": 103,
      "Name": "Charmeleon",
      "Pokemon No_": "5",
      "Type 1": "Fire",
      "Type 2": "None",
    },
    "srcDocPKey": "5a42c26e303770207ce8f83b",
  },
  Object {
    "_id": "5b05346ad7a86407e5ef7842",
    "createdAt": "2018-05-23T09:29:41.659Z",
    "pKey": "12",
    "published": false,
    "rowParams": Object {
      "Image URL": "http://cdn.bulbagarden.net/upload/thumb/7/7e/006Charizard.png/250px-006Charizard.png",
      "Max CP": 2620,
      "Max HP": 135,
      "Name": "Charizard",
      "Pokemon No_": "6",
      "Type 1": "Fire",
      "Type 2": "Flying",
    },
    "srcDocPKey": "5a42c26e303770207ce8f83b",
    "updatedAt": "2018-05-23T09:29:51.572Z",
  },
  Object {
    "_id": "5b05346ad7a86407e5ef7843",
    "createdAt": "2018-05-23T09:29:42.086Z",
    "pKey": "14",
    "published": false,
    "rowParams": Object {
      "Image URL": "http://cdn.bulbagarden.net/upload/thumb/3/39/007Squirtle.png/250px-007Squirtle.png",
      "Max CP": 1015,
      "Max HP": 81,
      "Name": "Squirtle",
      "Pokemon No_": "7",
      "Type 1": "Water",
      "Type 2": "None",
    },
    "srcDocPKey": "5a42c26e303770207ce8f83b",
    "updatedAt": "2018-05-23T09:29:52.210Z",
  },
  Object {
    "_id": "5b05346ad7a86407e5ef7844",
    "createdAt": "2018-05-23T09:29:42.541Z",
    "pKey": "16",
    "published": false,
    "rowParams": Object {
      "Image URL": "http://cdn.bulbagarden.net/upload/thumb/0/0c/008Wartortle.png/250px-008Wartortle.png",
      "Max CP": 1594,
      "Max HP": 105,
      "Name": "Wartortle",
      "Pokemon No_": "8",
      "Type 1": "Water",
      "Type 2": "None",
    },
    "srcDocPKey": "5a42c26e303770207ce8f83b",
    "updatedAt": "2018-05-23T09:29:54.240Z",
  },
  Object {
    "_id": "5b05346ad7a86407e5ef7845",
    "pKey": "18",
    "rowParams": Object {
      "Image URL": "http://cdn.bulbagarden.net/upload/thumb/0/02/009Blastoise.png/250px-009Blastoise.png",
      "Max CP": 2560,
      "Max HP": 137,
      "Name": "Blastoise",
      "Pokemon No_": "9",
      "Type 1": "Water",
      "Type 2": "None",
    },
    "srcDocPKey": "5a42c26e303770207ce8f83b",
  },
]
`;
