// Jest Snapshot v1, https://goo.gl/fbAQLP

exports[`Views Utils when #getAllViews is called should return a list of views 1`] = `
Array [
  Object {
    "_id": "5893845230cb8a407e6c66c4",
    "displayAs": "Word Cloud",
    "icon": "icon-word-cloud",
    "name": "wordCloud",
    "scaffold": Object {
      "keywords": Array [],
    },
    "thumbnail": "word-cloud.png",
  },
  Object {
    "_id": "5893847b30cb8a407e6c66c7",
    "displayAs": "Pie Set",
    "icon": "icon-pie-set",
    "name": "pieSet",
    "scaffold": Object {
      "defaultAggregateByColumnName": "Number of Items",
      "defaultSegmentByDuration": "None",
      "defaultSortOrderDescending": false,
      "durationsAvailableForSegmentBy": Array [
        "None",
        "Year",
        "Month",
        "Day",
      ],
      "simpleChart": false,
      "valuesToExcludeByOriginalKey": Array [],
    },
    "thumbnail": "pie-set.png",
  },
  Object {
    "_id": "5893848930cb8a407e6c66c8",
    "displayAs": "Pie Chart",
    "icon": "icon-pie-chart",
    "name": "pieChart",
    "scaffold": Object {
      "defaultAggregateByColumnName": "Number of Items",
      "defaultSegmentByDuration": "None",
      "durationsAvailableForSegmentBy": Array [
        "None",
        "Year",
        "Month",
        "Day",
      ],
      "valuesToExcludeByOriginalKey": Array [],
    },
    "thumbnail": "pie-chart.png",
  },
  Object {
    "_id": "589384b430cb8a407e6c66ca",
    "displayAs": "Line Graph",
    "icon": "icon-line-graph",
    "name": "lineGraph",
    "scaffold": Object {
      "annotations": Object {
        "benchmarks": Array [],
        "overlayText": Object {
          "text": "",
        },
      },
      "datasourceMappings": Object {
        "mappings": Array [
          Object {
            "key": "",
            "value": "",
          },
        ],
      },
      "defaultGroupByDuration": "None",
      "displayNavigationChart": true,
      "durationsAvailableForGroupBy": Array [
        "None",
        "Year",
        "Month",
        "Day",
      ],
      "outputInFormat": Array [],
      "simpleChart": false,
      "valuesToExcludeByOriginalKey": Array [],
    },
    "thumbnail": "line-graph.png",
  },
  Object {
    "_id": "589384d530cb8a407e6c66cc",
    "displayAs": "Bar Chart",
    "icon": "icon-bar-chart",
    "name": "barChart",
    "scaffold": Object {
      "annotations": Object {
        "benchmarks": Array [],
        "overlayText": Object {
          "text": "",
        },
      },
      "defaultAggregateByColumnName": "Number of Items",
      "defaultAxisAvailableForSortBy": Array [
        "X Axis",
        "Y Axis",
      ],
      "defaultAxisSort": "X Axis",
      "defaultGroupByDuration": "None",
      "durationsAvailableForGroupBy": Array [
        "None",
        "Year",
        "Month",
        "Day",
      ],
      "orientation": "vertical",
      "outputInFormat": Array [],
      "simpleChart": false,
      "valuesToExcludeByOriginalKey": Array [],
    },
    "thumbnail": "bar-chart.png",
  },
  Object {
    "_id": "589384a430cb8a407e6c66c9",
    "displayAs": "Map",
    "icon": "icon-map",
    "name": "map",
    "scaffold": Object {
      "colorByField": false,
      "defaultAggregateByColumnName": "Number of Items",
      "defaultZoom": 1.5,
      "displayAggregate": true,
      "displayLegend": true,
      "mapStyle": "country",
    },
    "thumbnail": "map.png",
  },
  Object {
    "_id": "5893845f30cb8a407e6c66c5",
    "displayAs": "Grouped Gallery",
    "icon": "icon-grouped-gallery",
    "name": "timeline",
    "scaffold": Object {
      "defaultGroupByDuration": "Year",
      "defaultGroupByRange": "1000s",
      "defaultSortOrderDescending": false,
      "displayFieldTitles": false,
      "durationsAvailableForGroupBy": Array [
        "Decade",
        "Year",
        "Month",
        "Week",
        "Day",
      ],
      "galleryItemConditionsForBackgroundColor": Object {
        "conditions": Array [],
      },
      "galleryItemConditionsForIconWhenMissingImage": Object {
        "conditions": Array [],
      },
      "galleryStyle": "image",
      "rangesAvailableForGroupBy": Array [
        "10000s",
        "1000s",
        "100s",
        "10s",
      ],
    },
    "thumbnail": "timeline.png",
  },
  Object {
    "_id": "58a389e40fd415ec0cf784f2",
    "displayAs": "Globe",
    "icon": "icon-globe",
    "name": "globe",
    "scaffold": Object {
      "pointColor": "#005CB5",
    },
    "thumbnail": "globe.png",
  },
  Object {
    "_id": "58cc6ad39fe3ed5c3af420e0",
    "displayAs": "Scatterplot",
    "icon": "icon-scatterplot",
    "name": "scatterplot",
    "thumbnail": "scatterplot.png",
  },
  Object {
    "_id": "592f64090fd415ec0cf787ba",
    "displayAs": "Table",
    "icon": "icon-table",
    "name": "table",
    "scaffold": Object {
      "defaultSortOrderDescending": false,
    },
    "thumbnail": "table.png",
  },
  Object {
    "_id": "589384c330cb8a407e6c66cb",
    "displayAs": "Gallery",
    "icon": "icon-gallery",
    "name": "gallery",
    "scaffold": Object {
      "defaultSortOrderDescending": false,
      "displayFieldTitles": false,
      "galleryItemConditionsForBackgroundColor": Object {
        "conditions": Array [],
      },
      "galleryItemConditionsForIconWhenMissingImage": Object {
        "conditions": Array [],
      },
      "galleryStyle": "image",
    },
    "thumbnail": "gallery.png",
  },
  Object {
    "_id": "5a383fb0e27fb85faffffe42",
    "displayAs": "Area Chart",
    "icon": "icon-area-chart",
    "name": "areaChart",
    "scaffold": Object {
      "annotations": Object {
        "benchmarks": Array [],
        "overlayText": Object {
          "text": "",
        },
      },
      "defaultGroupByDuration": "None",
      "displayNavigationChart": true,
      "durationsAvailableForGroupBy": Array [
        "None",
        "Year",
        "Month",
        "Day",
      ],
      "outputInFormat": Array [],
      "simpleChart": false,
      "valuesToExcludeByOriginalKey": Array [],
    },
    "thumbnail": "area-chart.png",
  },
  Object {
    "_id": "5a751238176777ce7078e018",
    "displayAs": "Regional Map",
    "icon": "icon-regional-map",
    "name": "regionalMap",
    "scaffold": Object {
      "colorScheme": "default",
      "displayLegend": true,
      "grandparentRegionField": "",
      "parentRegionField": "",
      "region": "US/state",
      "regionField": "",
    },
    "thumbnail": "regional-map.png",
  },
  Object {
    "_id": "5a9f13c2a36fdf0b571d54e0",
    "displayAs": "Bubble Chart",
    "icon": "icon-bubble-chart",
    "name": "bubbleChart",
    "thumbnail": "bubble-chart.png",
  },
  Object {
    "_id": "5c41df9f0e35d500544a46c1",
    "displayAs": "Treemap",
    "icon": "icon-treemap",
    "name": "treemap",
    "scaffold": Object {
      "defaultAggregateByColumnName": "Number of Items",
      "defaultSegmentByDuration": "None",
      "durationsAvailableForSegmentBy": Array [
        "None",
        "Year",
        "Month",
        "Day",
      ],
      "valuesToExcludeByOriginalKey": Array [],
    },
    "thumbnail": "treemap.png",
  },
]
`;

exports[`Views Utils when #getAllViewsSettings is called should return a list of views 1`] = `
Array [
  Object {
    "_id": "5893845230cb8a407e6c66c4",
    "displayAs": "Word Cloud",
    "name": "wordCloud",
    "settings": Array [
      Object {
        "description": "The Word Cloud looks for specific keywords with a specific field. For example, if you had field called \\"Genre\\", a keyword to track might be \\"Action\\". In this example, the Word Cloud would count the number of times \\"Action\\" appears. You can also use keywords to track the number of times words appear within a text, e.g. the number of times \\"Homer\\" appears in a Simpsons episode title.",
        "displayAs": "Select a Field",
        "inputType": "select",
        "name": "defaultGroupByColumnName",
        "require": true,
        "selectFrom": "column",
        "tab": "Mappings",
      },
      Object {
        "description": "Click to select the keywords from your selected field",
        "displayAs": "Enter Keywords to Track",
        "inputType": "keywords",
        "name": "keywords",
        "tab": "Mappings",
      },
    ],
  },
  Object {
    "_id": "5893847b30cb8a407e6c66c7",
    "displayAs": "Pie Set",
    "name": "pieSet",
    "settings": Array [
      Object {
        "description": "Change the default order that items in Pie Set are displayed in.",
        "displayAs": "Default Sort Order",
        "inputType": "toggleRadio",
        "name": "defaultSortOrderDescending",
        "options": Array [
          Object {
            "label": "Ascending",
            "value": false,
          },
          Object {
            "label": "Descending",
            "value": true,
          },
        ],
        "tab": "Controls",
      },
      Object {
        "borderBottom": true,
        "bottomDescription": true,
        "displayAs": "Data Format",
        "inputType": "toggleRadio",
        "name": "simpleChart",
        "options": Array [
          Object {
            "label": "Yes",
            "value": false,
          },
          Object {
            "label": "No",
            "value": true,
          },
        ],
        "tab": "Controls",
      },
      Object {
        "displayAs": "Show Percentage",
        "inputType": "toggle",
        "name": "showPercentage",
        "tab": "Controls",
      },
      Object {
        "description": "Select the fields to display pies.",
        "displayAs": "Pies",
        "inputType": "multiselect",
        "name": "pies",
        "restrictColumnDataType": Array [
          "integer",
          "float",
          "percent",
          "currency",
        ],
        "selectExcludeBy": "fieldsNotAvailableAsPieColumns",
        "selectFrom": "column",
        "tab": "Controls",
        "type": "simple",
      },
      Object {
        "displayAs": "Exclude from 'Pies' Display",
        "name": "fieldsNotAvailableAsPieColumns",
      },
      Object {
        "displayAs": "Group By",
        "inputType": "menu",
        "name": "defaultGroupByColumnName",
        "selectExcludeBy": "fieldsNotAvailableAsGroupByColumns",
        "selectFrom": "column",
        "tab": "Controls",
      },
      Object {
        "displayAs": "Exclude from 'Group By' Display",
        "name": "fieldsNotAvailableAsGroupByColumns",
      },
      Object {
        "displayAs": "Chart By",
        "inputType": "menu",
        "name": "defaultChartByColumnName",
        "selectExcludeBy": "fieldsNotAvailableAsChartByColumns",
        "selectFrom": "column",
        "tab": "Controls",
        "type": "stacked",
      },
      Object {
        "displayAs": "Exclude from 'Chart By' Display",
        "name": "fieldsNotAvailableAsChartByColumns",
      },
      Object {
        "displayAs": "Exclude the Following Values",
        "inputType": "keyValue",
        "keyInputType": "select",
        "keySelectFrom": "column",
        "name": "valuesToExcludeByOriginalKey",
        "tab": "Advanced",
        "valueInputType": "multivalueTextbox",
      },
      Object {
        "displayAs": "Aggregate By",
        "inputType": "menu",
        "name": "defaultAggregateByColumnName",
        "restrictColumnDataType": Array [
          "integer",
          "currency",
          "float",
          "percent",
        ],
        "selectExcludeBy": "fieldsNotAvailableAsAggregateByColumns",
        "selectFrom": "column",
        "tab": "Controls",
        "type": "stacked",
      },
      Object {
        "displayAs": "Exclude from 'Aggregate By' Display",
        "name": "fieldsNotAvailableAsAggregateByColumns",
      },
      Object {
        "displayAs": "Segment By",
        "durations": Array [
          "None",
          "Year",
          "Month",
          "Day",
        ],
        "inputType": "menu",
        "name": "defaultSegmentByDuration",
        "selectExcludeBy": "durationsAvailableForSegmentBy",
        "selectFrom": "duration",
        "tab": "Controls",
      },
    ],
  },
  Object {
    "_id": "5893848930cb8a407e6c66c8",
    "displayAs": "Pie Chart",
    "name": "pieChart",
    "settings": Array [
      Object {
        "displayAs": "Show Percentage",
        "inputType": "toggle",
        "name": "showPercentage",
        "tab": "Controls",
      },
      Object {
        "displayAs": "Chart By",
        "inputType": "menu",
        "name": "defaultGroupByColumnName",
        "selectExcludeBy": "fieldsNotAvailableAsGroupByColumns",
        "selectFrom": "column",
        "tab": "Controls",
      },
      Object {
        "displayAs": "Exclude from 'Chart By' Display",
        "name": "fieldsNotAvailableAsGroupByColumns",
      },
      Object {
        "displayAs": "Aggregate By",
        "inputType": "menu",
        "name": "defaultAggregateByColumnName",
        "restrictColumnDataType": Array [
          "integer",
          "float",
          "percent",
          "currency",
        ],
        "selectExcludeBy": "fieldsNotAvailableAsAggregateByColumns",
        "selectFrom": "column",
        "tab": "Controls",
      },
      Object {
        "displayAs": "Exclude from 'Aggregate By' Display",
        "name": "fieldsNotAvailableAsAggregateByColumns",
      },
      Object {
        "displayAs": "Segment By",
        "durations": Array [
          "None",
          "Year",
          "Month",
          "Day",
        ],
        "inputType": "menu",
        "name": "defaultSegmentByDuration",
        "selectExcludeBy": "durationsAvailableForSegmentBy",
        "selectFrom": "duration",
        "tab": "Controls",
      },
      Object {
        "displayAs": "Values to Exclude In Display",
        "inputType": "keyValue",
        "keyInputType": "select",
        "keySelectFrom": "column",
        "name": "valuesToExcludeByOriginalKey",
        "tab": "Advanced",
        "valueInputType": "multivalueTextbox",
      },
    ],
  },
  Object {
    "_id": "589384b430cb8a407e6c66ca",
    "displayAs": "Line Graph",
    "name": "lineGraph",
    "settings": Array [
      Object {
        "displayAs": "Chart By",
        "inputType": "menu",
        "name": "defaultGroupByColumnName",
        "restrictColumnDataType": Array [
          "integer",
          "date",
          "float",
          "percent",
          "currency",
        ],
        "selectExcludeBy": "fieldsNotAvailableAsGroupByColumns",
        "selectFrom": "column",
        "tab": "Controls",
      },
      Object {
        "displayAs": "Exclude from 'Chart By' Display",
        "name": "fieldsNotAvailableAsGroupByColumns",
      },
      Object {
        "displayAs": "Stack By",
        "inputType": "menu",
        "name": "defaultStackByColumnName",
        "selectExcludeBy": "fieldsNotAvailableAsStackByColumns",
        "selectFrom": "column",
        "tab": "Controls",
        "type": "stacked",
      },
      Object {
        "displayAs": "Exclude from 'Stack By' Display",
        "name": "fieldsNotAvailableAsStackByColumns",
      },
      Object {
        "displayAs": "Aggregate By",
        "inputType": "menu",
        "name": "defaultAggregateByColumnName",
        "restrictColumnDataType": Array [
          "integer",
          "currency",
          "float",
        ],
        "selectExcludeBy": "fieldsNotAvailableAsAggregateByColumns",
        "selectFrom": "column",
        "tab": "Controls",
        "type": "stacked",
      },
      Object {
        "displayAs": "Exclude from 'Aggregate By' Display",
        "name": "fieldsNotAvailableAsAggregateByColumns",
      },
      Object {
        "displayAs": "Values to Exclude in Display",
        "inputType": "keyValue",
        "keyInputType": "select",
        "keySelectFrom": "column",
        "name": "valuesToExcludeByOriginalKey",
        "tab": "Advanced",
        "valueInputType": "multivalueTextbox",
      },
      Object {
        "displayAs": "Override Coercion Scheme Output Format",
        "inputType": "keyValue",
        "keyInputType": "select",
        "keySelectFrom": "column",
        "name": "outputInFormat",
        "restrictColumnDataType": "date",
        "tab": "Advanced",
        "valueInputType": "textbox",
        "valueNestedField": "format",
      },
      Object {
        "displayAs": "Redirecting Dataset on Click",
        "inputType": "datasetMapping",
        "mappingType": "dataset",
        "name": "datasourceMappings",
        "tab": "Advanced",
      },
      Object {
        "displayAs": "Mapping Field",
        "inputType": "datasetMapping",
        "keyExcludeBy": "fieldsNotAvailableAsGroupByColumns",
        "mappingType": "fields",
        "name": "datasourceMappings",
        "tab": "Advanced",
      },
      Object {
        "borderBottom": true,
        "bottomDescription": true,
        "displayAs": "Data Format",
        "inputType": "toggleRadio",
        "name": "simpleChart",
        "options": Array [
          Object {
            "label": "Yes",
            "value": false,
          },
          Object {
            "label": "No",
            "value": true,
          },
        ],
        "tab": "Controls",
      },
      Object {
        "borderBottom": true,
        "description": "Select the fields to display in the line graph.",
        "displayAs": "Lines",
        "inputType": "multiselect",
        "name": "lines",
        "restrictColumnDataType": Array [
          "integer",
          "float",
          "percent",
          "currency",
        ],
        "selectFrom": "column",
        "tab": "Controls",
        "type": "simple",
      },
      Object {
        "inputType": "annotationsOverlayText",
        "tab": "Annotations",
      },
      Object {
        "inputType": "annotationsBenchmarks",
        "tab": "Annotations",
      },
      Object {
        "borderBottom": true,
        "description": "Enter the unit of measure to use in the visualization overall.",
        "displayAs": "Display Units",
        "inputType": "select",
        "name": "units",
        "selectFrom": "unit",
        "tab": "Controls",
      },
      Object {
        "borderBottom": true,
        "description": "Displays a navigation control to focus on a subset of the chart",
        "displayAs": "Display Navigation Chart",
        "inputType": "toggle",
        "name": "displayNavigationChart",
        "tab": "Controls",
      },
      Object {
        "condition": Object {
          "minLength": 2,
          "name": "lines",
          "type": "setting",
        },
        "displayAs": "Multiple selected Y axis label",
        "inputType": "textbox",
        "name": "renameMultipleText",
        "placeholder": "(multiple selected)",
        "tab": "Controls",
        "type": "simple",
      },
      Object {
        "displayAs": "Segment By",
        "durations": Array [
          "None",
          "Year",
          "Month",
          "Day",
        ],
        "inputType": "menu",
        "name": "defaultSegmentByDuration",
        "selectExcludeBy": "durationsAvailableForSegmentBy",
        "selectFrom": "duration",
        "tab": "Controls",
      },
    ],
  },
  Object {
    "_id": "589384d530cb8a407e6c66cc",
    "displayAs": "Bar Chart",
    "name": "barChart",
    "settings": Array [
      Object {
        "borderBottom": true,
        "bottomDescription": true,
        "displayAs": "Data Format",
        "inputType": "toggleRadio",
        "name": "simpleChart",
        "options": Array [
          Object {
            "label": "Yes",
            "value": false,
          },
          Object {
            "label": "No",
            "value": true,
          },
        ],
        "tab": "Controls",
      },
      Object {
        "displayAs": "Chart Orientation",
        "inputType": "toggleRadio",
        "name": "orientation",
        "options": Array [
          Object {
            "displayAsOverrides": Object {
              "defaultAggregateByColumnName": "Y Axis",
              "defaultGroupByColumnName": "X Axis",
            },
            "label": "Column",
            "value": "vertical",
          },
          Object {
            "displayAsOverrides": Object {
              "defaultAggregateByColumnName": "X Axis",
              "defaultGroupByColumnName": "Y Axis",
            },
            "label": "Bar",
            "value": "horizontal",
          },
        ],
        "tab": "Controls",
      },
      Object {
        "description": "Toggle between a stacked bar chart (default) or a grouped bar chart.",
        "displayAs": "Group Bars",
        "inputType": "toggle",
        "name": "groupedBars",
        "tab": "Controls",
      },
      Object {
        "description": "Hide option to toggle between absolute or relative mode.",
        "displayAs": "Hide normalize",
        "inputType": "toggle",
        "name": "hideNormalize",
        "tab": "Controls",
      },
      Object {
        "description": "Select the fields to display in the bar chart. Multiple fields will either be stacked or grouped.",
        "displayAs": "Bars",
        "inputType": "multiselect",
        "name": "bars",
        "restrictColumnDataType": Array [
          "integer",
          "float",
          "percent",
          "currency",
        ],
        "selectFrom": "column",
        "tab": "Controls",
        "type": "simple",
      },
      Object {
        "displayAs": "X Axis",
        "inputType": "menu",
        "name": "defaultGroupByColumnName",
        "selectExcludeBy": "fieldsNotAvailableAsGroupByColumns",
        "selectFrom": "column",
        "tab": "Controls",
      },
      Object {
        "displayAs": "Exclude from 'X Axis' Display",
        "name": "fieldsNotAvailableAsGroupByColumns",
      },
      Object {
        "borderBottom": true,
        "description": "Enter the unit of measure to use in the visualization overall.",
        "displayAs": "Display Units",
        "inputType": "select",
        "name": "units",
        "selectFrom": "unit",
        "tab": "Controls",
      },
      Object {
        "displayAs": "Y Axis",
        "inputType": "menu",
        "name": "defaultAggregateByColumnName",
        "restrictColumnDataType": Array [
          "integer",
          "float",
          "percent",
          "currency",
        ],
        "selectExcludeBy": "fieldsNotAvailableAsAggregateByColumns",
        "selectFrom": "column",
        "tab": "Controls",
        "type": "stacked",
      },
      Object {
        "displayAs": "Exclude from 'Y Axis' Display",
        "name": "fieldsNotAvailableAsAggregateByColumns",
      },
      Object {
        "condition": Object {
          "name": "groupedBars",
          "type": "setting",
          "value": false,
        },
        "displayAs": "Stack By",
        "inputType": "menu",
        "name": "defaultStackByColumnName",
        "selectExcludeBy": "fieldsNotAvailableAsStackByColumns",
        "selectFrom": "column",
        "tab": "Controls",
        "type": "stacked",
      },
      Object {
        "condition": Object {
          "name": "groupedBars",
          "type": "setting",
          "value": true,
        },
        "displayAs": "Group By",
        "inputType": "menu",
        "name": "defaultStackByColumnName",
        "selectExcludeBy": "fieldsNotAvailableAsStackByColumns",
        "selectFrom": "column",
        "tab": "Controls",
        "type": "stacked",
      },
      Object {
        "displayAs": "Exclude from 'Stack By' Display",
        "name": "fieldsNotAvailableAsStackByColumns",
      },
      Object {
        "displayAs": "Exclude the Following Values",
        "inputType": "keyValue",
        "keyInputType": "select",
        "keySelectFrom": "column",
        "name": "valuesToExcludeByOriginalKey",
        "tab": "Advanced",
        "valueInputType": "multivalueTextbox",
      },
      Object {
        "displayAs": "Override Coercion Scheme Format",
        "inputType": "keyValue",
        "keyInputType": "select",
        "keySelectFrom": "column",
        "name": "outputInFormat",
        "tab": "Advanced",
        "valueInputType": "textbox",
      },
      Object {
        "displayAs": "Segment By",
        "durations": Array [
          "None",
          "Year",
          "Month",
          "Day",
        ],
        "inputType": "menu",
        "name": "defaultGroupByDuration",
        "selectExcludeBy": "durationsAvailableForGroupBy",
        "selectFrom": "duration",
        "tab": "Controls",
        "type": "stacked",
      },
      Object {
        "displayAs": "Exclude from 'Group By' Display",
        "name": "durationsAvailableForGroupBy",
      },
      Object {
        "displayAs": "Sort By",
        "inputType": "menu",
        "name": "defaultAxisSort",
        "selectExcludeBy": "defaultAxisAvailableForSortBy",
        "selectFrom": "defaultAxis",
        "tab": "Controls",
      },
      Object {
        "displayAs": "Exclude from 'Sort By' Display",
        "name": "defaultAxisAvailableForSortBy",
      },
      Object {
        "inputType": "annotationsOverlayText",
        "tab": "Annotations",
      },
      Object {
        "inputType": "annotationsBenchmarks",
        "tab": "Annotations",
      },
      Object {
        "condition": Object {
          "minLength": 2,
          "name": "bars",
          "type": "setting",
        },
        "displayAs": "Multiple selected Y axis label",
        "inputType": "textbox",
        "name": "renameMultipleText",
        "placeholder": "(multiple selected)",
        "tab": "Controls",
        "type": "simple",
      },
    ],
  },
  Object {
    "_id": "589384a430cb8a407e6c66c9",
    "displayAs": "Map",
    "name": "map",
    "settings": Array [
      Object {
        "borderBottom": true,
        "displayAs": "Map Style",
        "inputType": "toggleRadio",
        "name": "mapStyle",
        "options": Array [
          Object {
            "label": "Country Map",
            "value": "country",
          },
          Object {
            "label": "Pin Map",
            "value": "pin",
          },
          Object {
            "label": "Bubble Map",
            "value": "bubble",
          },
          Object {
            "label": "Heatmap",
            "value": "heatmap",
          },
        ],
        "tab": "Visuals",
      },
      Object {
        "condition": Object {
          "name": "mapStyle",
          "type": "setting",
          "value": Array [
            "pin",
            "bubble",
          ],
        },
        "description": "Select a field to use for latitude",
        "displayAs": "Latitude",
        "inputType": "select",
        "name": "latitudeField",
        "selectFrom": "column",
        "tab": "Visuals",
      },
      Object {
        "condition": Object {
          "name": "mapStyle",
          "type": "setting",
          "value": Array [
            "pin",
            "bubble",
          ],
        },
        "description": "Select a field to use for longitude",
        "displayAs": "Longitude",
        "inputType": "select",
        "name": "longitudeField",
        "selectFrom": "column",
        "tab": "Visuals",
      },
      Object {
        "displayAs": "Default Zoom Level",
        "inputType": "slider",
        "max": 10,
        "min": 0,
        "name": "defaultZoom",
        "step": 0.1,
        "tab": "Visuals",
      },
      Object {
        "default": 0,
        "description": "Enter a number between -90 and 90",
        "displayAs": "Default Latitude",
        "inputType": "numberInput",
        "max": 90,
        "min": -90,
        "name": "defaultLatitude",
        "tab": "Visuals",
      },
      Object {
        "default": 0,
        "description": "Enter a number between -180 and 180",
        "displayAs": "Default Longitude",
        "inputType": "numberInput",
        "max": 180,
        "min": -180,
        "name": "defaultLongitude",
        "tab": "Visuals",
      },
      Object {
        "borderBottom": true,
        "condition": Object {
          "name": "mapStyle",
          "type": "setting",
          "value": Array [
            "bubble",
          ],
        },
        "default": "linear",
        "displayAs": "Scale Type",
        "inputType": "toggleRadio",
        "name": "mapScaleType",
        "options": Array [
          Object {
            "label": "Linear",
            "value": "linear",
          },
          Object {
            "label": "Square Root",
            "value": "sqrt",
          },
        ],
        "tab": "Visuals",
      },
      Object {
        "condition": Object {
          "name": "mapStyle",
          "type": "setting",
          "value": Array [
            "country",
            "heatmap",
          ],
        },
        "displayAs": "Map By",
        "inputType": "menu",
        "name": "defaultMapByColumnName",
        "selectExcludeBy": "fieldsNotAvailableAsMapByColumns",
        "selectFrom": "column",
        "tab": "Controls",
      },
      Object {
        "conditions": Array [
          Object {
            "name": "mapStyle",
            "type": "setting",
            "value": Array [
              "heatmap",
            ],
          },
          Object {
            "name": "colorByField",
            "type": "setting",
            "value": true,
          },
        ],
        "displayAs": "Color By",
        "inputType": "menu",
        "name": "defaultColorByColumnName",
        "selectExcludeBy": "fieldsNotAvailableAsColorByColumns",
        "selectFrom": "column",
        "tab": "Controls",
      },
      Object {
        "displayAs": "Exclude from 'Map By' Display",
        "name": "fieldsNotAvailableAsMapByColumns",
      },
      Object {
        "conditions": Array [
          Array [
            Object {
              "name": "displayAggregate",
              "type": "setting",
              "value": true,
            },
            Object {
              "name": "mapStyle",
              "type": "setting",
              "value": Array [
                "pin",
              ],
            },
          ],
          Object {
            "name": "mapStyle",
            "type": "setting",
            "value": Array [
              "country",
              "bubble",
            ],
          },
        ],
        "conditionsType": "some",
        "displayAs": "Aggregate By",
        "inputType": "menu",
        "name": "defaultAggregateByColumnName",
        "restrictColumnDataType": Array [
          "integer",
          "float",
          "currency",
        ],
        "selectExcludeBy": "fieldsNotAvailableAsAggregateByColumns",
        "selectFrom": "column",
        "tab": "Controls",
      },
      Object {
        "displayAs": "Exclude from 'Aggregate By' Display",
        "name": "fieldsNotAvailableAsAggregateByColumns",
      },
      Object {
        "displayAs": "Display Legend",
        "inputType": "toggleRadio",
        "name": "displayLegend",
        "options": Array [
          Object {
            "label": "Show",
            "value": true,
          },
          Object {
            "label": "Hide",
            "value": false,
          },
        ],
        "tab": "Controls",
      },
      Object {
        "condition": Object {
          "name": "displayLegend",
          "type": "setting",
          "value": true,
        },
        "description": "Toggle between sort by weight or sort alphabetically items in legend.",
        "displayAs": "Sort legend alphabetically",
        "inputType": "toggle",
        "name": "sortAlphabetically",
        "tab": "Controls",
      },
      Object {
        "condition": Object {
          "name": "mapStyle",
          "type": "setting",
          "value": "heatmap",
        },
        "description": "Mapping Country color to field value. (Heatmap View would only work correctly with the dataset which contain unique countries)",
        "displayAs": "Color by field",
        "inputType": "toggle",
        "name": "colorByField",
        "tab": "Controls",
      },
      Object {
        "condition": Object {
          "name": "mapStyle",
          "type": "setting",
          "value": "pin",
        },
        "displayAs": "Show Aggregate By Menu",
        "inputType": "toggleRadio",
        "name": "displayAggregate",
        "options": Array [
          Object {
            "label": "Show",
            "value": true,
          },
          Object {
            "label": "Hide",
            "value": false,
          },
        ],
        "tab": "Controls",
      },
    ],
  },
  Object {
    "_id": "5893845f30cb8a407e6c66c5",
    "displayAs": "Grouped Gallery",
    "name": "timeline",
    "settings": Array [
      Object {
        "description": "Change the default order that items in Gallery are displayed in.",
        "displayAs": "Default Sort Order",
        "inputType": "toggleRadio",
        "name": "defaultSortOrderDescending",
        "options": Array [
          Object {
            "label": "Ascending",
            "value": false,
          },
          Object {
            "label": "Descending",
            "value": true,
          },
        ],
        "tab": "Controls",
      },
      Object {
        "displayAs": "Display Large Tiles with Captions",
        "inputType": "toggle",
        "name": "largeTilesWithCaptions",
        "tab": "Controls",
      },
      Object {
        "displayAs": "Sort By",
        "inputType": "menu",
        "name": "defaultSortByColumnName",
        "selectExcludeBy": "fieldsNotAvailableAsSortByColumns",
        "selectFrom": "column",
        "tab": "Controls",
      },
      Object {
        "displayAs": "Exclude from 'Sort By' Display",
        "name": "fieldsNotAvailableAsSortByColumns",
      },
      Object {
        "dependsOnSortBy": true,
        "displayAs": "Group By",
        "inputType": "menu",
        "name": "defaultGroupByColumnName",
        "selectExcludeBy": "fieldsNotAvailableAsGroupByColumns",
        "selectFrom": "column",
        "tab": "Controls",
      },
      Object {
        "displayAs": "Exclude from 'Group By Column' Display",
        "name": "fieldsNotAvailableAsGroupByColumns",
      },
      Object {
        "displayAs": "Segment By Duration",
        "durations": Array [
          "Decade",
          "Year",
          "Month",
          "Week",
          "Day",
        ],
        "inputType": "menu",
        "name": "defaultGroupByDuration",
        "selectExcludeBy": "durationsAvailableForGroupBy",
        "selectFrom": "duration",
        "tab": "Controls",
      },
      Object {
        "displayAs": "Exclude from 'Group By Duration' Display",
        "name": "durationsAvailableForGroupBy",
      },
      Object {
        "displayAs": "Segment By Range",
        "inputType": "menu",
        "name": "defaultGroupByRange",
        "ranges": Array [
          "10000s",
          "1000s",
          "100s",
          "10s",
        ],
        "selectExcludeBy": "rangesAvailableForGroupBy",
        "selectFrom": "range",
        "tab": "Controls",
      },
      Object {
        "displayAs": "Exclude from 'Group By Range' Display",
        "name": "rangesAvailableForGroupBy",
      },
      Object {
        "condition": Object {
          "name": "largeTilesWithCaptions",
          "type": "setting",
          "value": true,
        },
        "displayAs": "Display Field Titles",
        "inputType": "toggle",
        "name": "displayFieldTitles",
        "tab": "Controls",
      },
      Object {
        "borderBottom": true,
        "condition": Object {
          "name": "largeTilesWithCaptions",
          "type": "setting",
          "value": true,
        },
        "description": "Display the value for the field being sorted on in the tile.",
        "displayAs": "Display Sort Field Text",
        "inputType": "toggle",
        "name": "displaySortFieldText",
        "tab": "Controls",
      },
      Object {
        "borderBottom": true,
        "bottomDescription": true,
        "displayAs": "Gallery Style",
        "inputType": "toggleRadio",
        "name": "galleryStyle",
        "options": Array [
          Object {
            "label": "Image Gallery",
            "value": "image",
          },
          Object {
            "label": "Icon Gallery",
            "value": "icon",
          },
          Object {
            "label": "Heatmap Gallery",
            "value": "heatmap",
          },
        ],
        "tab": "Visuals",
      },
      Object {
        "condition": Object {
          "name": "galleryStyle",
          "type": "setting",
          "value": "heatmap",
        },
        "displayAs": "Mapping Background Color to Field Value",
        "inputType": "backgroundColorMapping",
        "name": "galleryItemConditionsForBackgroundColor",
        "tab": "Visuals",
      },
      Object {
        "condition": Object {
          "name": "galleryStyle",
          "type": "setting",
          "value": "icon",
        },
        "description": "You can assign icons corresponding with fields in your data to display in your tiles. Start by selecting a field below. Then, enter the name of the item you want to assign and icon to (e.g. if your field is \\"Genre\\", you could enter \\"Action\\"). Finally, choose an icon to match. (Note that icons need to be uploaded through your <a href=\\"/dashboard/team/icons\\" target=\\"_blank\\">Team Settings panel</a>.)",
        "displayAs": "Display Icons in Tiles",
        "inputType": "iconMapping",
        "name": "galleryItemConditionsForIconWhenMissingImage",
        "tab": "Visuals",
      },
    ],
  },
  Object {
    "_id": "58a389e40fd415ec0cf784f2",
    "displayAs": "Globe",
    "name": "globe",
    "settings": Array [
      Object {
        "description": "Select a color for the continents",
        "displayAs": "Continent Color",
        "inputType": "colorpicker",
        "name": "pointColor",
        "tab": "Descriptions",
      },
      Object {
        "displayAs": "Origin Latitude",
        "inputType": "select",
        "name": "originLatitude",
        "selectFrom": "column",
        "tab": "Controls",
      },
      Object {
        "displayAs": "Origin Longitude",
        "inputType": "select",
        "name": "originLongitude",
        "selectFrom": "column",
        "tab": "Controls",
      },
      Object {
        "displayAs": "Destination Latitude (optional)",
        "inputType": "select",
        "name": "destinationLatitude",
        "selectFrom": "column",
        "tab": "Controls",
      },
      Object {
        "displayAs": "Destination Longitude (optional)",
        "inputType": "select",
        "name": "destinationLongitude",
        "selectFrom": "column",
        "tab": "Controls",
      },
    ],
  },
  Object {
    "_id": "58cc6ad39fe3ed5c3af420e0",
    "displayAs": "Scatterplot",
    "name": "scatterplot",
    "settings": Array [
      Object {
        "displayAs": "X Axis",
        "inputType": "menu",
        "name": "defaultXAxisField",
        "restrictColumnDataType": Array [
          "integer",
          "float",
          "date",
          "percent",
          "currency",
        ],
        "selectExcludeBy": "fieldsNotAvailableAsdefaultXAxisFieldColumns",
        "selectFrom": "column",
        "tab": "Controls",
      },
      Object {
        "displayAs": "Exclude from 'X Axis' Display",
        "name": "fieldsNotAvailableAsdefaultXAxisFieldColumns",
      },
      Object {
        "displayAs": "Y Axis",
        "inputType": "menu",
        "name": "defaultYAxisField",
        "restrictColumnDataType": Array [
          "integer",
          "float",
          "date",
          "percent",
          "currency",
        ],
        "selectExcludeBy": "fieldsNotAvailableAsdefaultYAxisFieldColumns",
        "selectFrom": "column",
        "tab": "Controls",
      },
      Object {
        "displayAs": "Exclude from 'Y Axis' Display",
        "name": "fieldsNotAvailableAsdefaultYAxisFieldColumns",
      },
      Object {
        "displayAs": "Bubble Size",
        "inputType": "menu",
        "name": "defaultAggregateByColumnName",
        "restrictColumnDataType": Array [
          "integer",
          "float",
          "percent",
          "currency",
        ],
        "selectExcludeBy": "fieldsNotAvailableAsAggregateByColumns",
        "selectFrom": "column",
        "tab": "Controls",
      },
      Object {
        "displayAs": "Exclude from 'Bubble Size' Display",
        "name": "fieldsNotAvailableAsAggregateByColumns",
      },
    ],
  },
  Object {
    "_id": "592f64090fd415ec0cf787ba",
    "displayAs": "Table",
    "name": "table",
    "settings": Array [
      Object {
        "displayAs": "Default Sort By Column",
        "inputType": "select",
        "name": "defaultSortByColumnName",
        "selectFrom": "column",
        "tab": "Controls",
      },
      Object {
        "description": "Change the default order that rows in the table are displayed in.",
        "displayAs": "Default Sort Order",
        "inputType": "toggleRadio",
        "name": "defaultSortOrderDescending",
        "options": Array [
          Object {
            "label": "Ascending",
            "value": false,
          },
          Object {
            "label": "Descending",
            "value": true,
          },
        ],
        "tab": "Controls",
      },
      Object {
        "displayAs": "Exclude the Following Columns",
        "inputType": "multiselect",
        "name": "fieldsNotAvailable",
        "selectFrom": "column",
        "tab": "Controls",
      },
      Object {
        "description": "By default, the columns in the table are all the same width. You can assign widths corresponding with fields in your data. Start by selecting a field below. Then, enter the width as a percentage. Any columns without a specified width will be evenly spaced out.",
        "displayAs": "Specify Table Column Widths",
        "inputType": "widthMapping",
        "name": "columnWidths",
        "tab": "Controls",
      },
    ],
  },
  Object {
    "_id": "589384c330cb8a407e6c66cb",
    "displayAs": "Gallery",
    "name": "gallery",
    "settings": Array [
      Object {
        "description": "Change the default order that items in Gallery are displayed in.",
        "displayAs": "Default Sort Order",
        "inputType": "toggleRadio",
        "name": "defaultSortOrderDescending",
        "options": Array [
          Object {
            "label": "Ascending",
            "value": false,
          },
          Object {
            "label": "Descending",
            "value": true,
          },
        ],
        "tab": "Controls",
      },
      Object {
        "displayAs": "Exclude from 'Sort By' and 'Display Additional Text' Displays",
        "name": "fieldsNotAvailableAsSortByColumns",
      },
      Object {
        "displayAs": "Display Field Titles",
        "inputType": "toggle",
        "name": "displayFieldTitles",
        "tab": "Controls",
      },
      Object {
        "borderBottom": true,
        "description": "Display the value for the field being sorted on in the tile.",
        "displayAs": "Display Sort Field Text",
        "inputType": "toggle",
        "name": "displaySortFieldText",
        "tab": "Controls",
      },
      Object {
        "displayAs": "Sort By",
        "inputType": "menu",
        "name": "defaultSortByColumnName",
        "selectExcludeBy": "fieldsNotAvailableAsSortByColumns",
        "selectFrom": "column",
        "tab": "Controls",
      },
      Object {
        "borderBottom": true,
        "bottomDescription": true,
        "displayAs": "Gallery Style",
        "inputType": "toggleRadio",
        "name": "galleryStyle",
        "options": Array [
          Object {
            "label": "Image Gallery",
            "value": "image",
          },
          Object {
            "label": "Icon Gallery",
            "value": "icon",
          },
          Object {
            "label": "Heatmap Gallery",
            "value": "heatmap",
          },
        ],
        "tab": "Visuals",
      },
      Object {
        "condition": Object {
          "name": "galleryStyle",
          "type": "setting",
          "value": "heatmap",
        },
        "displayAs": "Mapping Background Color to Field Value",
        "inputType": "backgroundColorMapping",
        "name": "galleryItemConditionsForBackgroundColor",
        "tab": "Visuals",
      },
      Object {
        "condition": Object {
          "name": "galleryStyle",
          "type": "setting",
          "value": "heatmap",
        },
        "displayAs": "Display Additional Text",
        "inputType": "toggle",
        "name": "secondaryColumnTileShow",
        "tab": "Visuals",
      },
      Object {
        "condition": Array [
          Object {
            "name": "galleryStyle",
            "type": "setting",
            "value": "heatmap",
          },
          Object {
            "name": "secondaryColumnTileShow",
            "type": "setting",
            "value": true,
          },
        ],
        "inputType": "checkbox",
        "name": "secondaryColumnTileDisplay",
        "selectExcludeBy": "fieldsNotAvailableAsTileDisplayColumns",
        "selectFrom": "column",
        "tab": "Visuals",
      },
      Object {
        "condition": Object {
          "name": "galleryStyle",
          "type": "setting",
          "value": "icon",
        },
        "description": "You can assign icons corresponding with fields in your data to display in your tiles. Start by selecting a field below. Then, enter the name of the item you want to assign and icon to (e.g. if your field is \\"Genre\\", you could enter \\"Action\\"). Finally, choose an icon to match. (Note that icons need to be uploaded through your <a href=\\"/dashboard/team/icons\\" target=\\"_blank\\">Team Settings panel</a>.)",
        "displayAs": "Display Icons in Tiles",
        "inputType": "iconMapping",
        "name": "galleryItemConditionsForIconWhenMissingImage",
        "tab": "Visuals",
      },
    ],
  },
  Object {
    "_id": "5a383fb0e27fb85faffffe42",
    "displayAs": "Area Chart",
    "name": "areaChart",
    "settings": Array [
      Object {
        "borderBottom": true,
        "bottomDescription": true,
        "displayAs": "Data Format",
        "inputType": "toggleRadio",
        "name": "simpleChart",
        "options": Array [
          Object {
            "label": "Yes",
            "value": false,
          },
          Object {
            "label": "No",
            "value": true,
          },
        ],
        "tab": "Controls",
      },
      Object {
        "displayAs": "Chart By",
        "inputType": "menu",
        "name": "defaultGroupByColumnName",
        "restrictColumnDataType": Array [
          "integer",
          "date",
          "float",
          "percent",
          "currency",
        ],
        "selectExcludeBy": "fieldsNotAvailableAsGroupByColumns",
        "selectFrom": "column",
        "tab": "Controls",
      },
      Object {
        "displayAs": "Exclude from 'Chart By' Display",
        "name": "fieldsNotAvailableAsGroupByColumns",
      },
      Object {
        "displayAs": "Stack By",
        "inputType": "menu",
        "name": "defaultStackByColumnName",
        "selectExcludeBy": "fieldsNotAvailableAsStackByColumns",
        "selectFrom": "column",
        "tab": "Controls",
        "type": "stacked",
      },
      Object {
        "displayAs": "Exclude from 'Stack By' Display",
        "name": "fieldsNotAvailableAsStackByColumns",
      },
      Object {
        "displayAs": "Aggregate By",
        "inputType": "menu",
        "name": "defaultAggregateByColumnName",
        "restrictColumnDataType": Array [
          "integer",
          "currency",
          "float",
        ],
        "selectExcludeBy": "fieldsNotAvailableAsAggregateByColumns",
        "selectFrom": "column",
        "tab": "Controls",
        "type": "stacked",
      },
      Object {
        "displayAs": "Exclude from 'Aggregate By' Display",
        "name": "fieldsNotAvailableAsAggregateByColumns",
      },
      Object {
        "description": "Select the fields to display in the area graph.",
        "displayAs": "Areas",
        "inputType": "multiselect",
        "name": "areas",
        "restrictColumnDataType": Array [
          "integer",
          "float",
          "percent",
          "currency",
        ],
        "selectExcludeBy": "fieldsNotAvailableAsAreaColumns",
        "selectFrom": "column",
        "tab": "Controls",
        "type": "simple",
      },
      Object {
        "displayAs": "Exclude from 'Areas' Display",
        "name": "fieldsNotAvailableAsAreaColumns",
      },
      Object {
        "displayAs": "Values to Exclude in Display",
        "inputType": "keyValue",
        "keyInputType": "select",
        "keySelectFrom": "column",
        "name": "valuesToExcludeByOriginalKey",
        "tab": "Advanced",
        "valueInputType": "multivalueTextbox",
      },
      Object {
        "displayAs": "Override Coercion Scheme Output Format",
        "inputType": "keyValue",
        "keyInputType": "select",
        "keySelectFrom": "column",
        "name": "outputInFormat",
        "restrictColumnDataType": "date",
        "tab": "Advanced",
        "valueInputType": "textbox",
        "valueNestedField": "format",
      },
      Object {
        "inputType": "annotationsOverlayText",
        "tab": "Annotations",
      },
      Object {
        "inputType": "annotationsBenchmarks",
        "tab": "Annotations",
      },
      Object {
        "description": "Enter the unit of measure to use in the visualization overall.",
        "displayAs": "Display Units",
        "inputType": "select",
        "name": "units",
        "selectFrom": "unit",
        "tab": "Controls",
      },
      Object {
        "borderBottom": true,
        "description": "Displays a navigation control to focus on a subset of the chart",
        "displayAs": "Display Navigation Chart",
        "inputType": "toggle",
        "name": "displayNavigationChart",
        "tab": "Controls",
      },
      Object {
        "condition": Object {
          "minLength": 2,
          "name": "areas",
          "type": "setting",
        },
        "displayAs": "Multiple selected Y axis label",
        "inputType": "textbox",
        "name": "renameMultipleText",
        "placeholder": "(multiple selected)",
        "tab": "Controls",
        "type": "simple",
      },
      Object {
        "displayAs": "Segment By",
        "durations": Array [
          "None",
          "Year",
          "Month",
          "Day",
        ],
        "inputType": "menu",
        "name": "defaultSegmentByDuration",
        "selectExcludeBy": "durationsAvailableForSegmentBy",
        "selectFrom": "duration",
        "tab": "Controls",
      },
    ],
  },
  Object {
    "_id": "5a751238176777ce7078e018",
    "displayAs": "Regional Map",
    "name": "regionalMap",
    "settings": Array [
      Object {
        "displayAs": "Aggregate By",
        "inputType": "menu",
        "name": "defaultAggregateByColumnName",
        "restrictColumnDataType": Array [
          "integer",
          "float",
          "percent",
          "currency",
        ],
        "selectExcludeBy": "fieldsNotAvailableAsAggregateByColumns",
        "selectFrom": "column",
        "tab": "Controls",
      },
      Object {
        "displayAs": "Exclude from 'Aggregate By' Display",
        "name": "fieldsNotAvailableAsAggregateByColumns",
      },
      Object {
        "displayAs": "Display Legend",
        "inputType": "toggleRadio",
        "name": "displayLegend",
        "options": Array [
          Object {
            "label": "Show",
            "value": true,
          },
          Object {
            "label": "Hide",
            "value": false,
          },
        ],
        "tab": "Mappings",
      },
      Object {
        "inputType": "regionMatchBy",
        "tab": "Mappings",
      },
      Object {
        "borderBottom": true,
        "description": "Select the color scheme",
        "displayAs": "Color Scheme",
        "inputType": "toggleRadio",
        "name": "colorScheme",
        "options": Array [
          Object {
            "label": "Default (White to Accent Color)",
            "value": "default",
          },
          Object {
            "label": "Brown to Blue/Green (Diverging)",
            "value": "interpolateBrBG",
          },
          Object {
            "label": "Purple to Green (Diverging)",
            "value": "interpolatePRGn",
          },
          Object {
            "label": "Pink to Yellow/Green (Diverging)",
            "value": "interpolatePiYG",
          },
          Object {
            "label": "Purple to Orange (Diverging)",
            "value": "interpolatePuOr",
          },
          Object {
            "label": "Red to Blue (Diverging)",
            "value": "interpolateRdBu",
          },
          Object {
            "label": "Red to Gray (Diverging)",
            "value": "interpolateRdGy",
          },
          Object {
            "label": "Red to Yellow to Blue (Diverging)",
            "value": "interpolateRdYlBu",
          },
          Object {
            "label": "Red to Yellow to Green (Diverging)",
            "value": "interpolateRdYlGn",
          },
          Object {
            "label": "Blue to Green (Sequential)",
            "value": "interpolateBuGn",
          },
          Object {
            "label": "Blue to Purple (Sequential)",
            "value": "interpolateBuPu",
          },
          Object {
            "label": "Green to Blue (Sequential)",
            "value": "interpolateGnBu",
          },
          Object {
            "label": "Orange to Red (Sequential)",
            "value": "interpolateOrRd",
          },
          Object {
            "label": "Purple to Blue to Green (Sequential)",
            "value": "interpolatePuBuGn",
          },
          Object {
            "label": "Purple to Blue (Sequential)",
            "value": "interpolatePuBu",
          },
          Object {
            "label": "Purple to Red (Sequential)",
            "value": "interpolatePuRd",
          },
          Object {
            "label": "Red to Purple (Sequential)",
            "value": "interpolateRdPu",
          },
          Object {
            "label": "Yellow to Green to Blue (Sequential)",
            "value": "interpolateYlGnBu",
          },
          Object {
            "label": "Yellow to Green (Sequential)",
            "value": "interpolateYlGn",
          },
          Object {
            "label": "Yellow to Orange to Brown (Sequential)",
            "value": "interpolateYlOrBr",
          },
          Object {
            "label": "Yellow to Orange to Red (Sequential)",
            "value": "interpolateYlOrRd",
          },
        ],
        "tab": "Visuals",
      },
      Object {
        "description": "Select this option to map colors logarithmically as opposed to linearly. Use the logarithmic scale to exaggerate the color differences between regions.",
        "displayAs": "Use Logarithmic Scale",
        "inputType": "toggle",
        "name": "useLogScale",
        "tab": "Visuals",
      },
    ],
  },
  Object {
    "_id": "5a9f13c2a36fdf0b571d54e0",
    "displayAs": "Bubble Chart",
    "name": "bubbleChart",
    "settings": Array [
      Object {
        "displayAs": "X Axis",
        "inputType": "menu",
        "name": "defaultXAxisField",
        "restrictColumnDataType": Array [
          "integer",
          "float",
          "percent",
          "currency",
        ],
        "selectExcludeBy": "fieldsNotAvailableAsdefaultXAxisFieldColumns",
        "selectFrom": "column",
        "tab": "Controls",
      },
      Object {
        "displayAs": "Exclude from 'X Axis' Display",
        "name": "fieldsNotAvailableAsdefaultXAxisFieldColumns",
      },
      Object {
        "displayAs": "Y Axis",
        "inputType": "menu",
        "name": "defaultYAxisField",
        "restrictColumnDataType": Array [
          "integer",
          "float",
          "percent",
          "currency",
        ],
        "selectExcludeBy": "fieldsNotAvailableAsdefaultYAxisFieldColumns",
        "selectFrom": "column",
        "tab": "Controls",
      },
      Object {
        "displayAs": "Exclude from 'Y Axis' Display",
        "name": "fieldsNotAvailableAsdefaultYAxisFieldColumns",
      },
      Object {
        "displayAs": "Bubble Size",
        "inputType": "menu",
        "name": "defaultRadiusField",
        "restrictColumnDataType": Array [
          "integer",
          "float",
          "percent",
          "currency",
        ],
        "selectExcludeBy": "fieldsNotAvailableAsdefaultRadiusFieldColumns",
        "selectFrom": "column",
        "tab": "Controls",
      },
      Object {
        "displayAs": "Exclude from 'Bubble Size' Display",
        "name": "fieldsNotAvailableAsdefaultRadiusFieldColumns",
      },
      Object {
        "displayAs": "Group By",
        "inputType": "menu",
        "name": "defaultGroupByColumnName",
        "restrictColumnDataType": Array [
          "date",
        ],
        "selectExcludeBy": "fieldsNotAvailableAsGroupByColumns",
        "selectFrom": "column",
        "tab": "Controls",
      },
      Object {
        "displayAs": "Exclude from 'Group By' Display",
        "name": "fieldsNotAvailableAsGroupByColumns",
      },
    ],
  },
  Object {
    "_id": "5c41df9f0e35d500544a46c1",
    "displayAs": "Treemap",
    "name": "treemap",
    "settings": Array [
      Object {
        "displayAs": "Chart By",
        "inputType": "menu",
        "name": "defaultChartByColumnName",
        "selectExcludeBy": "fieldsNotAvailableAsChartByColumns",
        "selectFrom": "column",
        "tab": "Controls",
      },
      Object {
        "displayAs": "Exclude from 'Chart By' Display",
        "name": "fieldsNotAvailableAsChartByColumns",
      },
      Object {
        "displayAs": "Aggregate By",
        "inputType": "menu",
        "name": "defaultAggregateByColumnName",
        "restrictColumnDataType": Array [
          "integer",
          "float",
          "percent",
          "currency",
        ],
        "selectExcludeBy": "fieldsNotAvailableAsAggregateByColumns",
        "selectFrom": "column",
        "tab": "Controls",
      },
      Object {
        "displayAs": "Exclude from 'Aggregate By' Display",
        "name": "fieldsNotAvailableAsAggregateByColumns",
      },
      Object {
        "displayAs": "Group By",
        "inputType": "menu",
        "name": "defaultGroupByColumnName",
        "selectExcludeBy": "fieldsNotAvailableAsGroupByColumns",
        "selectFrom": "column",
        "tab": "Controls",
      },
      Object {
        "displayAs": "Exclude from 'Group By' Display",
        "name": "fieldsNotAvailableAsGroupByColumns",
      },
      Object {
        "displayAs": "Segment By",
        "durations": Array [
          "None",
          "Year",
          "Month",
          "Day",
        ],
        "inputType": "menu",
        "name": "defaultSegmentByDuration",
        "selectExcludeBy": "durationsAvailableForSegmentBy",
        "selectFrom": "duration",
        "tab": "Controls",
      },
      Object {
        "displayAs": "Exclude the Following Values",
        "inputType": "keyValue",
        "keyInputType": "select",
        "keySelectFrom": "column",
        "name": "valuesToExcludeByOriginalKey",
        "tab": "Advanced",
        "valueInputType": "multivalueTextbox",
      },
    ],
  },
]
`;

exports[`Views Utils when #getView is called should return a view 1`] = `
Object {
  "__v": 0,
  "_id": "5893845230cb8a407e6c66c4",
  "displayAs": "Word Cloud",
  "icon": "icon-word-cloud",
  "name": "wordCloud",
  "scaffold": Object {
    "keywords": Array [],
  },
  "settings": Array [
    Object {
      "description": "The Word Cloud looks for specific keywords with a specific field. For example, if you had field called \\"Genre\\", a keyword to track might be \\"Action\\". In this example, the Word Cloud would count the number of times \\"Action\\" appears. You can also use keywords to track the number of times words appear within a text, e.g. the number of times \\"Homer\\" appears in a Simpsons episode title.",
      "displayAs": "Select a Field",
      "inputType": "select",
      "name": "defaultGroupByColumnName",
      "require": true,
      "selectFrom": "column",
      "tab": "Mappings",
    },
    Object {
      "description": "Click to select the keywords from your selected field",
      "displayAs": "Enter Keywords to Track",
      "inputType": "keywords",
      "name": "keywords",
      "tab": "Mappings",
    },
  ],
  "thumbnail": "word-cloud.png",
}
`;
